// Jest Snapshot v1, https://goo.gl/fbAQLP

exports[`extractDomainObjectMetadataForDeclarationInFile should be able to extract domain object metadata for a more complicated entity 1`] = `
DomainObjectMetadata {
  "decorations": {
    "unique": [
      "upc",
    ],
    "updatable": [
      "colors",
      "quantity",
      "description",
    ],
  },
  "extends": "DomainEntity",
  "name": "Item",
  "properties": {
    "colors": DomainObjectPropertyMetadata {
      "name": "colors",
      "nullable": false,
      "of": {
        "nullable": false,
        "required": true,
        "type": "STRING",
      },
      "required": true,
      "type": "ARRAY",
    },
    "description": DomainObjectPropertyMetadata {
      "name": "description",
      "nullable": false,
      "required": true,
      "type": "STRING",
    },
    "price": DomainObjectPropertyMetadata {
      "name": "price",
      "nullable": false,
      "required": true,
      "type": "NUMBER",
    },
    "upc": DomainObjectPropertyMetadata {
      "name": "upc",
      "nullable": false,
      "required": true,
      "type": "STRING",
    },
  },
}
`;

exports[`extractDomainObjectMetadataForDeclarationInFile should be able to extract domain object metadata for a simple entity 1`] = `
DomainObjectMetadata {
  "decorations": {
    "unique": [
      "gate",
    ],
    "updatable": [
      "operational",
      "phoneNumber",
    ],
  },
  "extends": "DomainEntity",
  "name": "LoadingDock",
  "properties": {
    "gateNumber": DomainObjectPropertyMetadata {
      "name": "gateNumber",
      "nullable": false,
      "required": true,
      "type": "NUMBER",
    },
    "id": DomainObjectPropertyMetadata {
      "name": "id",
      "nullable": false,
      "required": false,
      "type": "NUMBER",
    },
    "operational": DomainObjectPropertyMetadata {
      "name": "operational",
      "nullable": false,
      "required": true,
      "type": "BOOLEAN",
    },
    "phoneNumber": DomainObjectPropertyMetadata {
      "name": "phoneNumber",
      "nullable": true,
      "required": true,
      "type": "STRING",
    },
    "uuid": DomainObjectPropertyMetadata {
      "name": "uuid",
      "nullable": false,
      "required": false,
      "type": "STRING",
    },
  },
}
`;

exports[`extractDomainObjectMetadataForDeclarationInFile should be able to extract domain object metadata for simple value object 1`] = `
DomainObjectMetadata {
  "decorations": {
    "unique": null,
    "updatable": null,
  },
  "extends": "DomainValueObject",
  "name": "Address",
  "properties": {
    "city": DomainObjectPropertyMetadata {
      "name": "city",
      "nullable": false,
      "required": true,
      "type": "STRING",
    },
    "postal": DomainObjectPropertyMetadata {
      "name": "postal",
      "nullable": false,
      "required": true,
      "type": "STRING",
    },
    "state": DomainObjectPropertyMetadata {
      "name": "state",
      "nullable": false,
      "required": true,
      "type": "STRING",
    },
    "street": DomainObjectPropertyMetadata {
      "name": "street",
      "nullable": false,
      "required": true,
      "type": "STRING",
    },
    "suite": DomainObjectPropertyMetadata {
      "name": "suite",
      "nullable": true,
      "required": true,
      "type": "STRING",
    },
  },
}
`;
